// Jest Snapshot v1, https://goo.gl/fbAQLP

exports[`matches snapshot 1`] = `
<DocumentFragment>
  <div
    class="Card"
  >
    <h4
      class="Card-title"
    >
      sample-caption
    </h4>
    <img
      alt="sample-caption"
      class="Card-image"
      src="link-to-somewhere"
    />
    <small
      class="Card-small"
    >
      Image 2 of 3.
    </small>
  </div>
</DocumentFragment>
`;
